#
# There is insufficient memory for the Java Runtime Environment to continue.
# Native memory allocation (mmap) failed to map 27262976 bytes. Error detail: G1 virtual space
# Possible reasons:
#   The system is out of physical RAM or swap space
#   This process is running with CompressedOops enabled, and the Java Heap may be blocking the growth of the native heap
# Possible solutions:
#   Reduce memory load on the system
#   Increase physical memory or swap space
#   Check if swap backing store is full
#   Decrease Java heap size (-Xmx/-Xms)
#   Decrease number of Java threads
#   Decrease Java thread stack sizes (-Xss)
#   Set larger code cache with -XX:ReservedCodeCacheSize=
#   JVM is running with Unscaled Compressed Oops mode in which the Java heap is
#     placed in the first 4GB address space. The Java Heap base address is the
#     maximum limit for the native heap growth. Please use -XX:HeapBaseMinAddress
#     to set the Java Heap base and to place the Java Heap above 4GB virtual address.
# This output file may be truncated or incomplete.
#
#  Out of Memory Error (os_windows.cpp:3926), pid=15168, tid=8400
#
# JRE version: OpenJDK Runtime Environment (21.0.10) (build 21.0.10+-14961533-b1163.108)
# Java VM: OpenJDK 64-Bit Server VM (21.0.10+-14961533-b1163.108, mixed mode, tiered, compressed oops, compressed class ptrs, g1 gc, windows-amd64)
# No core dump will be written. Minidumps are not enabled by default on client versions of Windows
#

---------------  S U M M A R Y ------------

Command Line: --add-opens=java.base/java.lang=ALL-UNNAMED --add-opens=java.base/java.lang.invoke=ALL-UNNAMED --add-opens=java.base/java.util=ALL-UNNAMED --add-opens=java.prefs/java.util.prefs=ALL-UNNAMED --add-exports=jdk.compiler/com.sun.tools.javac.api=ALL-UNNAMED --add-exports=jdk.compiler/com.sun.tools.javac.util=ALL-UNNAMED --add-opens=java.base/java.util=ALL-UNNAMED --add-opens=java.prefs/java.util.prefs=ALL-UNNAMED --add-opens=java.base/java.nio.charset=ALL-UNNAMED --add-opens=java.base/java.net=ALL-UNNAMED --add-opens=java.base/java.util.concurrent=ALL-UNNAMED --add-opens=java.base/java.util.concurrent.atomic=ALL-UNNAMED --add-opens=java.xml/javax.xml.namespace=ALL-UNNAMED --add-opens=java.base/java.time=ALL-UNNAMED -Xmx2048m -Dfile.encoding=UTF-8 -Duser.country=RU -Duser.language=ru -Duser.variant -javaagent:C:\Users\Administrator\.gradle\wrapper\dists\gradle-9.4.1-bin\arn2x92ynaizyzdaamcbpbhtj\gradle-9.4.1\lib\agents\gradle-instrumentation-agent-9.4.1.jar org.gradle.launcher.daemon.bootstrap.GradleDaemon 9.4.1

Host: 12th Gen Intel(R) Core(TM) i5-12400F, 12 cores, 15G,  Windows 10 , 64 bit Build 19041 (10.0.19041.5915)
Time: Mon May 25 04:14:14 2026 elapsed time: 3.748237 seconds (0d 0h 0m 3s)

---------------  T H R E A D  ---------------

Current thread (0x0000026a29b4af10):  VMThread "VM Thread"          [id=8400, stack(0x000000eedcb00000,0x000000eedcc00000) (1024K)]

Stack: [0x000000eedcb00000,0x000000eedcc00000]
Native frames: (J=compiled Java code, j=interpreted, Vv=VM code, C=native code)
V  [jvm.dll+0x6d78a9]
V  [jvm.dll+0x8665b3]
V  [jvm.dll+0x868bde]
V  [jvm.dll+0x8692c3]
V  [jvm.dll+0x280ee6]
V  [jvm.dll+0x6d4165]
V  [jvm.dll+0x6c77fa]
V  [jvm.dll+0x358f4b]
V  [jvm.dll+0x360bc6]
V  [jvm.dll+0x3b2ea6]
V  [jvm.dll+0x3b3178]
V  [jvm.dll+0x32b65c]
V  [jvm.dll+0x32b6e7]
V  [jvm.dll+0x3715cc]
V  [jvm.dll+0x36fd7e]
V  [jvm.dll+0x32adb1]
V  [jvm.dll+0x36f480]
V  [jvm.dll+0x86f048]
V  [jvm.dll+0x870394]
V  [jvm.dll+0x8708d0]
V  [jvm.dll+0x870b63]
V  [jvm.dll+0x80fd28]
V  [jvm.dll+0x6d60fd]
C  [ucrtbase.dll+0x21bb2]
C  [KERNEL32.DLL+0x17374]
C  [ntdll.dll+0x4cc91]

VM_Operation (0x000000eede9f3f80): G1CollectForAllocation, mode: safepoint, requested by thread 0x0000026a2fdf4b50


---------------  P R O C E S S  ---------------

Threads class SMR info:
_java_thread_list=0x0000026a33b9deb0, length=54, elements={
0x0000026a11ff55f0, 0x0000026a29c60900, 0x0000026a29c77c80, 0x0000026a29c789a0,
0x0000026a29c8b510, 0x0000026a29c8bf70, 0x0000026a29c8c9d0, 0x0000026a29c954c0,
0x0000026a29c9b850, 0x0000026a29cc5330, 0x0000026a2a0fd4a0, 0x0000026a2a111fe0,
0x0000026a2a659ad0, 0x0000026a3053c6d0, 0x0000026a2faae180, 0x0000026a2f7656c0,
0x0000026a31d388d0, 0x0000026a30408040, 0x0000026a31947960, 0x0000026a2fdf4b50,
0x0000026a2f98e7c0, 0x0000026a2f98cd80, 0x0000026a2f98ee50, 0x0000026a2f98f4e0,
0x0000026a2f98c6f0, 0x0000026a2f98e130, 0x0000026a321465a0, 0x0000026a3214c180,
0x0000026a32148670, 0x0000026a3214dbc0, 0x0000026a32148d00, 0x0000026a3214baf0,
0x0000026a3214c810, 0x0000026a3214add0, 0x0000026a32149390, 0x0000026a32147fe0,
0x0000026a3214d530, 0x0000026a3214a0b0, 0x0000026a3214a740, 0x0000026a3214b460,
0x0000026a32146c30, 0x0000026a321472c0, 0x0000026a32147950, 0x0000026a31370b50,
0x0000026a31371f00, 0x0000026a3136c9b0, 0x0000026a313704c0, 0x0000026a3136f110,
0x0000026a313711e0, 0x0000026a3136d6d0, 0x0000026a31371870, 0x0000026a31372590,
0x0000026a3136dd60, 0x0000026a31372c20
}

Java Threads: ( => current thread )
  0x0000026a11ff55f0 JavaThread "main"                              [_thread_blocked, id=5628, stack(0x000000eedc400000,0x000000eedc500000) (1024K)]
  0x0000026a29c60900 JavaThread "Common-Cleaner"             daemon [_thread_blocked, id=18624, stack(0x000000eedcc00000,0x000000eedcd00000) (1024K)]
  0x0000026a29c77c80 JavaThread "Reference Handler"          daemon [_thread_blocked, id=3420, stack(0x000000eedcd00000,0x000000eedce00000) (1024K)]
  0x0000026a29c789a0 JavaThread "Finalizer"                  daemon [_thread_blocked, id=7900, stack(0x000000eedce00000,0x000000eedcf00000) (1024K)]
  0x0000026a29c8b510 JavaThread "Signal Dispatcher"          daemon [_thread_blocked, id=7476, stack(0x000000eedcf00000,0x000000eedd000000) (1024K)]
  0x0000026a29c8bf70 JavaThread "Attach Listener"            daemon [_thread_blocked, id=9380, stack(0x000000eedd000000,0x000000eedd100000) (1024K)]
  0x0000026a29c8c9d0 JavaThread "Service Thread"             daemon [_thread_blocked, id=14988, stack(0x000000eedd100000,0x000000eedd200000) (1024K)]
  0x0000026a29c954c0 JavaThread "Monitor Deflation Thread"   daemon [_thread_blocked, id=16484, stack(0x000000eedd200000,0x000000eedd300000) (1024K)]
  0x0000026a29c9b850 JavaThread "C2 CompilerThread0"         daemon [_thread_blocked, id=620, stack(0x000000eedd300000,0x000000eedd400000) (1024K)]
  0x0000026a29cc5330 JavaThread "C1 CompilerThread0"         daemon [_thread_blocked, id=9708, stack(0x000000eedd400000,0x000000eedd500000) (1024K)]
  0x0000026a2a0fd4a0 JavaThread "Notification Thread"        daemon [_thread_blocked, id=16104, stack(0x000000eedd500000,0x000000eedd600000) (1024K)]
  0x0000026a2a111fe0 JavaThread "C2 CompilerThread1"         daemon [_thread_blocked, id=5772, stack(0x000000eedd600000,0x000000eedd700000) (1024K)]
  0x0000026a2a659ad0 JavaThread "C2 CompilerThread2"         daemon [_thread_blocked, id=19440, stack(0x000000eedd700000,0x000000eedd800000) (1024K)]
  0x0000026a3053c6d0 JavaThread "Daemon health stats"               [_thread_blocked, id=19392, stack(0x000000eeddd00000,0x000000eedde00000) (1024K)]
  0x0000026a2faae180 JavaThread "Incoming local TCP Connector on port 63366"        [_thread_in_native, id=3220, stack(0x000000eedde00000,0x000000eeddf00000) (1024K)]
  0x0000026a2f7656c0 JavaThread "Daemon periodic checks"            [_thread_blocked, id=19412, stack(0x000000eeddf00000,0x000000eede000000) (1024K)]
  0x0000026a31d388d0 JavaThread "Daemon"                            [_thread_blocked, id=15036, stack(0x000000eede000000,0x000000eede100000) (1024K)]
  0x0000026a30408040 JavaThread "Handler for socket connection from /127.0.0.1:63366 to /127.0.0.1:63367"        [_thread_in_native, id=2604, stack(0x000000eede100000,0x000000eede200000) (1024K)]
  0x0000026a31947960 JavaThread "Cancel handler"                    [_thread_blocked, id=13576, stack(0x000000eede800000,0x000000eede900000) (1024K)]
  0x0000026a2fdf4b50 JavaThread "Daemon worker"                     [_thread_blocked, id=16916, stack(0x000000eede900000,0x000000eedea00000) (1024K)]
  0x0000026a2f98e7c0 JavaThread "Asynchronous log dispatcher for DefaultDaemonConnection: socket connection from /127.0.0.1:63366 to /127.0.0.1:63367"        [_thread_blocked, id=16712, stack(0x000000eedea00000,0x000000eedeb00000) (1024K)]
  0x0000026a2f98cd80 JavaThread "Stdin handler"                     [_thread_blocked, id=14460, stack(0x000000eedeb00000,0x000000eedec00000) (1024K)]
  0x0000026a2f98ee50 JavaThread "Daemon client event forwarder"        [_thread_blocked, id=9360, stack(0x000000eedec00000,0x000000eeded00000) (1024K)]
  0x0000026a2f98f4e0 JavaThread "Cache worker for journal cache (C:\Users\Administrator\.gradle\caches\journal-1)"        [_thread_blocked, id=6676, stack(0x000000eeded00000,0x000000eedee00000) (1024K)]
  0x0000026a2f98c6f0 JavaThread "File lock request listener"        [_thread_in_native, id=6596, stack(0x000000eedee00000,0x000000eedef00000) (1024K)]
  0x0000026a2f98e130 JavaThread "Cache worker for file hash cache (C:\Users\Administrator\.gradle\caches\9.4.1\fileHashes)"        [_thread_blocked, id=16952, stack(0x000000eedef00000,0x000000eedf000000) (1024K)]
  0x0000026a321465a0 JavaThread "Cache worker for file hash cache (D:\HomeSmartPractice\.gradle\9.4.1\fileHashes)"        [_thread_blocked, id=18272, stack(0x000000eedf000000,0x000000eedf100000) (1024K)]
  0x0000026a3214c180 JavaThread "Cache worker for Build Output Cleanup Cache (D:\HomeSmartPractice\.gradle\buildOutputCleanup)"        [_thread_blocked, id=3084, stack(0x000000eedf100000,0x000000eedf200000) (1024K)]
  0x0000026a32148670 JavaThread "File watcher server"        daemon [_thread_in_native, id=13472, stack(0x000000eedf200000,0x000000eedf300000) (1024K)]
  0x0000026a3214dbc0 JavaThread "File watcher consumer"      daemon [_thread_blocked, id=14472, stack(0x000000eedf300000,0x000000eedf400000) (1024K)]
  0x0000026a32148d00 JavaThread "Cache worker for file content cache (C:\Users\Administrator\.gradle\caches\9.4.1\fileContent)"        [_thread_blocked, id=14200, stack(0x000000eedf400000,0x000000eedf500000) (1024K)]
  0x0000026a3214baf0 JavaThread "Cache worker for checksums cache (D:\HomeSmartPractice\.gradle\9.4.1\checksums)"        [_thread_blocked, id=17268, stack(0x000000eedf500000,0x000000eedf600000) (1024K)]
  0x0000026a3214c810 JavaThread "Cache worker for cache directory md-supplier (C:\Users\Administrator\.gradle\caches\9.4.1\md-supplier)"        [_thread_blocked, id=4196, stack(0x000000eedf600000,0x000000eedf700000) (1024K)]
  0x0000026a3214add0 JavaThread "Cache worker for cache directory md-rule (C:\Users\Administrator\.gradle\caches\9.4.1\md-rule)"        [_thread_blocked, id=2092, stack(0x000000eedf700000,0x000000eedf800000) (1024K)]
  0x0000026a32149390 JavaThread "jar transforms"                    [_thread_blocked, id=19032, stack(0x000000eedf800000,0x000000eedf900000) (1024K)]
  0x0000026a32147fe0 JavaThread "jar transforms Thread 2"           [_thread_blocked, id=18980, stack(0x000000eedf900000,0x000000eedfa00000) (1024K)]
  0x0000026a3214d530 JavaThread "jar transforms Thread 3"           [_thread_blocked, id=15828, stack(0x000000eedfa00000,0x000000eedfb00000) (1024K)]
  0x0000026a3214a0b0 JavaThread "Build operations"                  [_thread_blocked, id=2688, stack(0x000000eedfb00000,0x000000eedfc00000) (1024K)]
  0x0000026a3214a740 JavaThread "Build operations Thread 2"         [_thread_blocked, id=2720, stack(0x000000eedfc00000,0x000000eedfd00000) (1024K)]
  0x0000026a3214b460 JavaThread "Build operations Thread 3"         [_thread_blocked, id=17204, stack(0x000000eedfd00000,0x000000eedfe00000) (1024K)]
  0x0000026a32146c30 JavaThread "Build operations Thread 4"         [_thread_blocked, id=8728, stack(0x000000eedfe00000,0x000000eedff00000) (1024K)]
  0x0000026a321472c0 JavaThread "Build operations Thread 5"         [_thread_blocked, id=4632, stack(0x000000eedff00000,0x000000eee0000000) (1024K)]
  0x0000026a32147950 JavaThread "Build operations Thread 6"         [_thread_blocked, id=10196, stack(0x000000eee0000000,0x000000eee0100000) (1024K)]
  0x0000026a31370b50 JavaThread "Build operations Thread 7"         [_thread_blocked, id=10740, stack(0x000000eee0100000,0x000000eee0200000) (1024K)]
  0x0000026a31371f00 JavaThread "Build operations Thread 8"         [_thread_blocked, id=18024, stack(0x000000eee0200000,0x000000eee0300000) (1024K)]
  0x0000026a3136c9b0 JavaThread "Build operations Thread 9"         [_thread_blocked, id=18048, stack(0x000000eee0300000,0x000000eee0400000) (1024K)]
  0x0000026a313704c0 JavaThread "Build operations Thread 10"        [_thread_blocked, id=4472, stack(0x000000eee0400000,0x000000eee0500000) (1024K)]
  0x0000026a3136f110 JavaThread "Build operations Thread 11"        [_thread_blocked, id=13800, stack(0x000000eee0500000,0x000000eee0600000) (1024K)]
  0x0000026a313711e0 JavaThread "Build operations Thread 12"        [_thread_blocked, id=6444, stack(0x000000eee0600000,0x000000eee0700000) (1024K)]
  0x0000026a3136d6d0 JavaThread "jar transforms Thread 4"           [_thread_blocked, id=18936, stack(0x000000eee0700000,0x000000eee0800000) (1024K)]
  0x0000026a31371870 JavaThread "jar transforms Thread 5"           [_thread_blocked, id=15432, stack(0x000000eee0800000,0x000000eee0900000) (1024K)]
  0x0000026a31372590 JavaThread "jar transforms Thread 6"           [_thread_blocked, id=1504, stack(0x000000eee0900000,0x000000eee0a00000) (1024K)]
  0x0000026a3136dd60 JavaThread "jar transforms Thread 7"           [_thread_blocked, id=412, stack(0x000000eee0a00000,0x000000eee0b00000) (1024K)]
  0x0000026a31372c20 JavaThread "jar transforms Thread 8"           [_thread_blocked, id=16600, stack(0x000000eee0b00000,0x000000eee0c00000) (1024K)]
Total: 54

Other Threads:
=>0x0000026a29b4af10 VMThread "VM Thread"                           [id=8400, stack(0x000000eedcb00000,0x000000eedcc00000) (1024K)]
  0x0000026a29afbe20 WatcherThread "VM Periodic Task Thread"        [id=7828, stack(0x000000eedca00000,0x000000eedcb00000) (1024K)]
  0x0000026a0fd8dff0 WorkerThread "GC Thread#0"                     [id=6064, stack(0x000000eedc500000,0x000000eedc600000) (1024K)]
  0x0000026a29b4a7b0 WorkerThread "GC Thread#1"                     [id=16204, stack(0x000000eedd800000,0x000000eedd900000) (1024K)]
  0x0000026a29b4ba20 WorkerThread "GC Thread#2"                     [id=18280, stack(0x000000eedd900000,0x000000eedda00000) (1024K)]
  0x0000026a29b4ab60 WorkerThread "GC Thread#3"                     [id=17136, stack(0x000000eedda00000,0x000000eeddb00000) (1024K)]
  0x0000026a29b4c180 WorkerThread "GC Thread#4"                     [id=16524, stack(0x000000eeddb00000,0x000000eeddc00000) (1024K)]
  0x0000026a29b4bdd0 WorkerThread "GC Thread#5"                     [id=16452, stack(0x000000eeddc00000,0x000000eeddd00000) (1024K)]
  0x0000026a2f535bf0 WorkerThread "GC Thread#6"                     [id=19248, stack(0x000000eede200000,0x000000eede300000) (1024K)]
  0x0000026a2f537d20 WorkerThread "GC Thread#7"                     [id=17996, stack(0x000000eede300000,0x000000eede400000) (1024K)]
  0x0000026a2f5380d0 WorkerThread "GC Thread#8"                     [id=15932, stack(0x000000eede400000,0x000000eede500000) (1024K)]
  0x0000026a2f534d30 WorkerThread "GC Thread#9"                     [id=16412, stack(0x000000eede500000,0x000000eede600000) (1024K)]
  0x0000026a1205c1b0 ConcurrentGCThread "G1 Main Marker"            [id=7172, stack(0x000000eedc600000,0x000000eedc700000) (1024K)]
  0x0000026a1205d270 WorkerThread "G1 Conc#0"                       [id=3972, stack(0x000000eedc700000,0x000000eedc800000) (1024K)]
  0x0000026a2f535fa0 WorkerThread "G1 Conc#1"                       [id=3424, stack(0x000000eede600000,0x000000eede700000) (1024K)]
  0x0000026a2f536700 WorkerThread "G1 Conc#2"                       [id=10440, stack(0x000000eede700000,0x000000eede800000) (1024K)]
  0x0000026a29a45f20 ConcurrentGCThread "G1 Refine#0"               [id=8356, stack(0x000000eedc800000,0x000000eedc900000) (1024K)]
  0x0000026a29a46750 ConcurrentGCThread "G1 Service"                [id=16864, stack(0x000000eedc900000,0x000000eedca00000) (1024K)]
Total: 18

Threads with active compile tasks:
C2 CompilerThread2  3755 8385   !   4       jdk.internal.loader.Resource::getBytes (244 bytes)
Total: 1

VM state: at safepoint (normal execution)

VM Mutex/Monitor currently owned by a thread:  ([mutex/lock_event])
[0x00007ffbccb886d0] Threads_lock - owner thread: 0x0000026a29b4af10
[0x00007ffbccb887d0] Heap_lock - owner thread: 0x0000026a2fdf4b50

Heap address: 0x0000000080000000, size: 2048 MB, Compressed Oops mode: 32-bit

CDS archive(s) not mapped
Compressed class space mapped at: 0x0000000100000000-0x0000000140000000, reserved size: 1073741824
Narrow klass base: 0x0000000000000000, Narrow klass shift: 3, Narrow klass range: 0x140000000

GC Precious Log:
 CardTable entry size: 512
 Card Set container configuration: InlinePtr #cards 5 size 8 Array Of Cards #cards 12 size 40 Howl #buckets 4 coarsen threshold 1843 Howl Bitmap #cards 512 size 80 coarsen threshold 460 Card regions per heap region 1 cards per card region 2048
 CPUs: 12 total, 12 available
 Memory: 16225M
 Large Page Support: Disabled
 NUMA Support: Disabled
 Compressed Oops: Enabled (32-bit)
 Heap Region Size: 1M
 Heap Min Capacity: 8M
 Heap Initial Capacity: 254M
 Heap Max Capacity: 2G
 Pre-touch: Disabled
 Parallel Workers: 10
 Concurrent Workers: 3
 Concurrent Refinement Workers: 10
 Periodic GC: Disabled

Heap:
 garbage-first heap   total 114688K, used 70835K [0x0000000080000000, 0x0000000100000000)
  region size 1024K, 5 young (5120K), 5 survivors (5120K)
 Metaspace       used 72585K, committed 74432K, reserved 1114112K
  class space    used 10338K, committed 11264K, reserved 1048576K

Heap Regions: E=young(eden), S=young(survivor), O=old, HS=humongous(starts), HC=humongous(continues), CS=collection set, F=free, TAMS=top-at-mark-start, PB=parsable bottom
|   0|0x0000000080000000, 0x0000000080100000, 0x0000000080100000|100%|HS|  |TAMS 0x0000000080000000| PB 0x0000000080000000| Complete 
|   1|0x0000000080100000, 0x0000000080200000, 0x0000000080200000|100%|HC|  |TAMS 0x0000000080100000| PB 0x0000000080100000| Complete 
|   2|0x0000000080200000, 0x0000000080300000, 0x0000000080300000|100%|HC|  |TAMS 0x0000000080200000| PB 0x0000000080200000| Complete 
|   3|0x0000000080300000, 0x0000000080400000, 0x0000000080400000|100%|HC|  |TAMS 0x0000000080300000| PB 0x0000000080300000| Complete 
|   4|0x0000000080400000, 0x0000000080500000, 0x0000000080500000|100%| O|  |TAMS 0x0000000080400000| PB 0x0000000080400000| Untracked 
|   5|0x0000000080500000, 0x0000000080600000, 0x0000000080600000|100%| O|  |TAMS 0x0000000080500000| PB 0x0000000080500000| Untracked 
|   6|0x0000000080600000, 0x0000000080700000, 0x0000000080700000|100%| O|  |TAMS 0x0000000080600000| PB 0x0000000080600000| Untracked 
|   7|0x0000000080700000, 0x0000000080800000, 0x0000000080800000|100%| O|  |TAMS 0x0000000080700000| PB 0x0000000080700000| Untracked 
|   8|0x0000000080800000, 0x0000000080900000, 0x0000000080900000|100%| O|  |TAMS 0x0000000080800000| PB 0x0000000080800000| Untracked 
|   9|0x0000000080900000, 0x0000000080a00000, 0x0000000080a00000|100%| O|  |TAMS 0x0000000080900000| PB 0x0000000080900000| Untracked 
|  10|0x0000000080a00000, 0x0000000080b00000, 0x0000000080b00000|100%| O|  |TAMS 0x0000000080a00000| PB 0x0000000080a00000| Untracked 
|  11|0x0000000080b00000, 0x0000000080c00000, 0x0000000080c00000|100%|HS|  |TAMS 0x0000000080b00000| PB 0x0000000080b00000| Complete 
|  12|0x0000000080c00000, 0x0000000080d00000, 0x0000000080d00000|100%| O|  |TAMS 0x0000000080c00000| PB 0x0000000080c00000| Untracked 
|  13|0x0000000080d00000, 0x0000000080e00000, 0x0000000080e00000|100%| O|  |TAMS 0x0000000080d00000| PB 0x0000000080d00000| Untracked 
|  14|0x0000000080e00000, 0x0000000080f00000, 0x0000000080f00000|100%| O|  |TAMS 0x0000000080e00000| PB 0x0000000080e00000| Untracked 
|  15|0x0000000080f00000, 0x0000000081000000, 0x0000000081000000|100%| O|  |TAMS 0x0000000080f00000| PB 0x0000000080f00000| Untracked 
|  16|0x0000000081000000, 0x0000000081100000, 0x0000000081100000|100%| O|  |TAMS 0x0000000081000000| PB 0x0000000081000000| Untracked 
|  17|0x0000000081100000, 0x0000000081200000, 0x0000000081200000|100%| O|  |TAMS 0x0000000081100000| PB 0x0000000081100000| Untracked 
|  18|0x0000000081200000, 0x0000000081300000, 0x0000000081300000|100%| O|  |TAMS 0x0000000081200000| PB 0x0000000081200000| Untracked 
|  19|0x0000000081300000, 0x0000000081400000, 0x0000000081400000|100%| O|  |TAMS 0x0000000081300000| PB 0x0000000081300000| Untracked 
|  20|0x0000000081400000, 0x0000000081500000, 0x0000000081500000|100%| O|  |TAMS 0x0000000081400000| PB 0x0000000081400000| Untracked 
|  21|0x0000000081500000, 0x0000000081600000, 0x0000000081600000|100%| O|  |TAMS 0x0000000081500000| PB 0x0000000081500000| Untracked 
|  22|0x0000000081600000, 0x0000000081700000, 0x0000000081700000|100%| O|  |TAMS 0x0000000081600000| PB 0x0000000081600000| Untracked 
|  23|0x0000000081700000, 0x0000000081800000, 0x0000000081800000|100%| O|  |TAMS 0x0000000081700000| PB 0x0000000081700000| Untracked 
|  24|0x0000000081800000, 0x0000000081900000, 0x0000000081900000|100%| O|  |TAMS 0x0000000081800000| PB 0x0000000081800000| Untracked 
|  25|0x0000000081900000, 0x0000000081a00000, 0x0000000081a00000|100%| O|  |TAMS 0x0000000081900000| PB 0x0000000081900000| Untracked 
|  26|0x0000000081a00000, 0x0000000081b00000, 0x0000000081b00000|100%| O|  |TAMS 0x0000000081a00000| PB 0x0000000081a00000| Untracked 
|  27|0x0000000081b00000, 0x0000000081c00000, 0x0000000081c00000|100%| O|  |TAMS 0x0000000081b00000| PB 0x0000000081b00000| Untracked 
|  28|0x0000000081c00000, 0x0000000081d00000, 0x0000000081d00000|100%|HS|  |TAMS 0x0000000081c00000| PB 0x0000000081c00000| Complete 
|  29|0x0000000081d00000, 0x0000000081e00000, 0x0000000081e00000|100%|HC|  |TAMS 0x0000000081d00000| PB 0x0000000081d00000| Complete 
|  30|0x0000000081e00000, 0x0000000081f00000, 0x0000000081f00000|100%| O|  |TAMS 0x0000000081e00000| PB 0x0000000081e00000| Untracked 
|  31|0x0000000081f00000, 0x0000000082000000, 0x0000000082000000|100%| O|  |TAMS 0x0000000081f00000| PB 0x0000000081f00000| Untracked 
|  32|0x0000000082000000, 0x0000000082000000, 0x0000000082100000|  0%| F|  |TAMS 0x0000000082000000| PB 0x0000000082000000| Untracked 
|  33|0x0000000082100000, 0x0000000082200000, 0x0000000082200000|100%| O|  |TAMS 0x0000000082100000| PB 0x0000000082100000| Untracked 
|  34|0x0000000082200000, 0x0000000082300000, 0x0000000082300000|100%| O|  |TAMS 0x0000000082200000| PB 0x0000000082200000| Untracked 
|  35|0x0000000082300000, 0x0000000082400000, 0x0000000082400000|100%| O|  |TAMS 0x0000000082300000| PB 0x0000000082300000| Untracked 
|  36|0x0000000082400000, 0x0000000082500000, 0x0000000082500000|100%| O|  |TAMS 0x0000000082400000| PB 0x0000000082400000| Untracked 
|  37|0x0000000082500000, 0x0000000082600000, 0x0000000082600000|100%| O|  |TAMS 0x0000000082500000| PB 0x0000000082500000| Untracked 
|  38|0x0000000082600000, 0x0000000082700000, 0x0000000082700000|100%| O|  |TAMS 0x0000000082600000| PB 0x0000000082600000| Untracked 
|  39|0x0000000082700000, 0x0000000082800000, 0x0000000082800000|100%| O|  |TAMS 0x0000000082700000| PB 0x0000000082700000| Untracked 
|  40|0x0000000082800000, 0x0000000082900000, 0x0000000082900000|100%| O|  |TAMS 0x0000000082800000| PB 0x0000000082800000| Untracked 
|  41|0x0000000082900000, 0x0000000082a00000, 0x0000000082a00000|100%| O|  |TAMS 0x0000000082900000| PB 0x0000000082900000| Untracked 
|  42|0x0000000082a00000, 0x0000000082b00000, 0x0000000082b00000|100%| O|  |TAMS 0x0000000082a00000| PB 0x0000000082a00000| Untracked 
|  43|0x0000000082b00000, 0x0000000082c00000, 0x0000000082c00000|100%| O|  |TAMS 0x0000000082b00000| PB 0x0000000082b00000| Untracked 
|  44|0x0000000082c00000, 0x0000000082d00000, 0x0000000082d00000|100%| O|  |TAMS 0x0000000082c00000| PB 0x0000000082c00000| Untracked 
|  45|0x0000000082d00000, 0x0000000082e00000, 0x0000000082e00000|100%| O|  |TAMS 0x0000000082d00000| PB 0x0000000082d00000| Untracked 
|  46|0x0000000082e00000, 0x0000000082f00000, 0x0000000082f00000|100%|HS|  |TAMS 0x0000000082e00000| PB 0x0000000082e00000| Complete 
|  47|0x0000000082f00000, 0x0000000083000000, 0x0000000083000000|100%|HS|  |TAMS 0x0000000082f00000| PB 0x0000000082f00000| Complete 
|  48|0x0000000083000000, 0x0000000083100000, 0x0000000083100000|100%|HS|  |TAMS 0x0000000083000000| PB 0x0000000083000000| Complete 
|  49|0x0000000083100000, 0x0000000083200000, 0x0000000083200000|100%| O|  |TAMS 0x0000000083100000| PB 0x0000000083100000| Untracked 
|  50|0x0000000083200000, 0x0000000083300000, 0x0000000083300000|100%| O|  |TAMS 0x0000000083200000| PB 0x0000000083200000| Untracked 
|  51|0x0000000083300000, 0x0000000083400000, 0x0000000083400000|100%|HS|  |TAMS 0x0000000083300000| PB 0x0000000083300000| Complete 
|  52|0x0000000083400000, 0x0000000083400000, 0x0000000083500000|  0%| F|  |TAMS 0x0000000083400000| PB 0x0000000083400000| Untracked 
|  53|0x0000000083500000, 0x0000000083500000, 0x0000000083600000|  0%| F|  |TAMS 0x0000000083500000| PB 0x0000000083500000| Untracked 
|  54|0x0000000083600000, 0x0000000083700000, 0x0000000083700000|100%| O|  |TAMS 0x0000000083600000| PB 0x0000000083600000| Untracked 
|  55|0x0000000083700000, 0x0000000083800000, 0x0000000083800000|100%| O|  |TAMS 0x0000000083700000| PB 0x0000000083700000| Untracked 
|  56|0x0000000083800000, 0x0000000083900000, 0x0000000083900000|100%| O|  |TAMS 0x0000000083800000| PB 0x0000000083800000| Untracked 
|  57|0x0000000083900000, 0x0000000083900000, 0x0000000083a00000|  0%| F|  |TAMS 0x0000000083900000| PB 0x0000000083900000| Untracked 
|  58|0x0000000083a00000, 0x0000000083a00000, 0x0000000083b00000|  0%| F|  |TAMS 0x0000000083a00000| PB 0x0000000083a00000| Untracked 
|  59|0x0000000083b00000, 0x0000000083c00000, 0x0000000083c00000|100%|HS|  |TAMS 0x0000000083b00000| PB 0x0000000083b00000| Complete 
|  60|0x0000000083c00000, 0x0000000083d00000, 0x0000000083d00000|100%|HC|  |TAMS 0x0000000083c00000| PB 0x0000000083c00000| Complete 
|  61|0x0000000083d00000, 0x0000000083d00000, 0x0000000083e00000|  0%| F|  |TAMS 0x0000000083d00000| PB 0x0000000083d00000| Untracked 
|  62|0x0000000083e00000, 0x0000000083e00000, 0x0000000083f00000|  0%| F|  |TAMS 0x0000000083e00000| PB 0x0000000083e00000| Untracked 
|  63|0x0000000083f00000, 0x0000000084000000, 0x0000000084000000|100%|HS|  |TAMS 0x0000000083f00000| PB 0x0000000083f00000| Complete 
|  64|0x0000000084000000, 0x0000000084000000, 0x0000000084100000|  0%| F|  |TAMS 0x0000000084000000| PB 0x0000000084000000| Untracked 
|  65|0x0000000084100000, 0x0000000084100000, 0x0000000084200000|  0%| F|  |TAMS 0x0000000084100000| PB 0x0000000084100000| Untracked 
|  66|0x0000000084200000, 0x0000000084200000, 0x0000000084300000|  0%| F|  |TAMS 0x0000000084200000| PB 0x0000000084200000| Untracked 
|  67|0x0000000084300000, 0x0000000084300000, 0x0000000084400000|  0%| F|  |TAMS 0x0000000084300000| PB 0x0000000084300000| Untracked 
|  68|0x0000000084400000, 0x0000000084400000, 0x0000000084500000|  0%| F|  |TAMS 0x0000000084400000| PB 0x0000000084400000| Untracked 
|  69|0x0000000084500000, 0x0000000084500000, 0x0000000084600000|  0%| F|  |TAMS 0x0000000084500000| PB 0x0000000084500000| Untracked 
|  70|0x0000000084600000, 0x0000000084600000, 0x0000000084700000|  0%| F|  |TAMS 0x0000000084600000| PB 0x0000000084600000| Untracked 
|  71|0x0000000084700000, 0x0000000084700000, 0x0000000084800000|  0%| F|  |TAMS 0x0000000084700000| PB 0x0000000084700000| Untracked 
|  72|0x0000000084800000, 0x0000000084800000, 0x0000000084900000|  0%| F|  |TAMS 0x0000000084800000| PB 0x0000000084800000| Untracked 
|  73|0x0000000084900000, 0x0000000084900000, 0x0000000084a00000|  0%| F|  |TAMS 0x0000000084900000| PB 0x0000000084900000| Untracked 
|  74|0x0000000084a00000, 0x0000000084a00000, 0x0000000084b00000|  0%| F|  |TAMS 0x0000000084a00000| PB 0x0000000084a00000| Untracked 
|  75|0x0000000084b00000, 0x0000000084b00000, 0x0000000084c00000|  0%| F|  |TAMS 0x0000000084b00000| PB 0x0000000084b00000| Untracked 
|  76|0x0000000084c00000, 0x0000000084c00000, 0x0000000084d00000|  0%| F|  |TAMS 0x0000000084c00000| PB 0x0000000084c00000| Untracked 
|  77|0x0000000084d00000, 0x0000000084d00000, 0x0000000084e00000|  0%| F|  |TAMS 0x0000000084d00000| PB 0x0000000084d00000| Untracked 
|  78|0x0000000084e00000, 0x0000000084e00000, 0x0000000084f00000|  0%| F|  |TAMS 0x0000000084e00000| PB 0x0000000084e00000| Untracked 
|  79|0x0000000084f00000, 0x0000000084f00000, 0x0000000085000000|  0%| F|  |TAMS 0x0000000084f00000| PB 0x0000000084f00000| Untracked 
|  80|0x0000000085000000, 0x0000000085000000, 0x0000000085100000|  0%| F|  |TAMS 0x0000000085000000| PB 0x0000000085000000| Untracked 
|  81|0x0000000085100000, 0x0000000085100000, 0x0000000085200000|  0%| F|  |TAMS 0x0000000085100000| PB 0x0000000085100000| Untracked 
|  82|0x0000000085200000, 0x0000000085200000, 0x0000000085300000|  0%| F|  |TAMS 0x0000000085200000| PB 0x0000000085200000| Untracked 
|  83|0x0000000085300000, 0x0000000085300000, 0x0000000085400000|  0%| F|  |TAMS 0x0000000085300000| PB 0x0000000085300000| Untracked 
|  84|0x0000000085400000, 0x0000000085400000, 0x0000000085500000|  0%| F|  |TAMS 0x0000000085400000| PB 0x0000000085400000| Untracked 
|  85|0x0000000085500000, 0x0000000085500000, 0x0000000085600000|  0%| F|  |TAMS 0x0000000085500000| PB 0x0000000085500000| Untracked 
|  86|0x0000000085600000, 0x0000000085600000, 0x0000000085700000|  0%| F|  |TAMS 0x0000000085600000| PB 0x0000000085600000| Untracked 
|  87|0x0000000085700000, 0x0000000085700000, 0x0000000085800000|  0%| F|  |TAMS 0x0000000085700000| PB 0x0000000085700000| Untracked 
|  88|0x0000000085800000, 0x0000000085800000, 0x0000000085900000|  0%| F|  |TAMS 0x0000000085800000| PB 0x0000000085800000| Untracked 
|  89|0x0000000085900000, 0x0000000085a00000, 0x0000000085a00000|100%| S|CS|TAMS 0x0000000085900000| PB 0x0000000085900000| Complete 
|  90|0x0000000085a00000, 0x0000000085b00000, 0x0000000085b00000|100%| S|CS|TAMS 0x0000000085a00000| PB 0x0000000085a00000| Complete 
|  91|0x0000000085b00000, 0x0000000085c00000, 0x0000000085c00000|100%| S|CS|TAMS 0x0000000085b00000| PB 0x0000000085b00000| Complete 
|  92|0x0000000085c00000, 0x0000000085d00000, 0x0000000085d00000|100%| S|CS|TAMS 0x0000000085c00000| PB 0x0000000085c00000| Complete 
|  93|0x0000000085d00000, 0x0000000085e00000, 0x0000000085e00000|100%| S|CS|TAMS 0x0000000085d00000| PB 0x0000000085d00000| Complete 
| 191|0x000000008bf00000, 0x000000008bf00000, 0x000000008c000000|  0%| F|  |TAMS 0x000000008bf00000| PB 0x000000008bf00000| Untracked 
| 192|0x000000008c000000, 0x000000008c000000, 0x000000008c100000|  0%| F|  |TAMS 0x000000008c000000| PB 0x000000008c000000| Untracked 
| 193|0x000000008c100000, 0x000000008c100000, 0x000000008c200000|  0%| F|  |TAMS 0x000000008c100000| PB 0x000000008c100000| Untracked 
| 194|0x000000008c200000, 0x000000008c200000, 0x000000008c300000|  0%| F|  |TAMS 0x000000008c200000| PB 0x000000008c200000| Untracked 
| 195|0x000000008c300000, 0x000000008c300000, 0x000000008c400000|  0%| F|  |TAMS 0x000000008c300000| PB 0x000000008c300000| Untracked 
| 196|0x000000008c400000, 0x000000008c400000, 0x000000008c500000|  0%| F|  |TAMS 0x000000008c400000| PB 0x000000008c400000| Untracked 
| 197|0x000000008c500000, 0x000000008c500000, 0x000000008c600000|  0%| F|  |TAMS 0x000000008c500000| PB 0x000000008c500000| Untracked 
| 198|0x000000008c600000, 0x000000008c600000, 0x000000008c700000|  0%| F|  |TAMS 0x000000008c600000| PB 0x000000008c600000| Untracked 
| 199|0x000000008c700000, 0x000000008c700000, 0x000000008c800000|  0%| F|  |TAMS 0x000000008c700000| PB 0x000000008c700000| Untracked 
| 253|0x000000008fd00000, 0x000000008fd00000, 0x000000008fe00000|  0%| F|  |TAMS 0x000000008fd00000| PB 0x000000008fd00000| Untracked 
|2040|0x00000000ff800000, 0x00000000ff82cd00, 0x00000000ff900000| 17%| O|  |TAMS 0x00000000ff800000| PB 0x00000000ff800000| Untracked 
|2041|0x00000000ff900000, 0x00000000ffa00000, 0x00000000ffa00000|100%| O|  |TAMS 0x00000000ff900000| PB 0x00000000ff900000| Untracked 
|2042|0x00000000ffa00000, 0x00000000ffb00000, 0x00000000ffb00000|100%| O|  |TAMS 0x00000000ffa00000| PB 0x00000000ffa00000| Untracked 
|2043|0x00000000ffb00000, 0x00000000ffc00000, 0x00000000ffc00000|100%| O|  |TAMS 0x00000000ffb00000| PB 0x00000000ffb00000| Untracked 
|2044|0x00000000ffc00000, 0x00000000ffd00000, 0x00000000ffd00000|100%| O|  |TAMS 0x00000000ffc00000| PB 0x00000000ffc00000| Untracked 
|2045|0x00000000ffd00000, 0x00000000ffe00000, 0x00000000ffe00000|100%| O|  |TAMS 0x00000000ffd00000| PB 0x00000000ffd00000| Untracked 
|2046|0x00000000ffe00000, 0x00000000fff00000, 0x00000000fff00000|100%| O|  |TAMS 0x00000000ffe00000| PB 0x00000000ffe00000| Untracked 
|2047|0x00000000fff00000, 0x0000000100000000, 0x0000000100000000|100%| O|  |TAMS 0x00000000fff00000| PB 0x00000000fff00000| Untracked 

Card table byte_map: [0x0000026a24ab0000,0x0000026a24eb0000] _byte_map_base: 0x0000026a246b0000

Marking Bits: (CMBitMap*) 0x0000026a0fd8e610
 Bits: [0x0000026a24eb0000, 0x0000026a26eb0000)

Polling page: 0x0000026a117c0000

Metaspace:

Usage:
  Non-class:     60.79 MB used.
      Class:     10.10 MB used.
       Both:     70.88 MB used.

Virtual space:
  Non-class space:       64.00 MB reserved,      61.69 MB ( 96%) committed,  1 nodes.
      Class space:        1.00 GB reserved,      11.00 MB (  1%) committed,  1 nodes.
             Both:        1.06 GB reserved,      72.69 MB (  7%) committed. 

Chunk freelists:
   Non-Class:  1.50 MB
       Class:  5.03 MB
        Both:  6.53 MB

MaxMetaspaceSize: unlimited
CompressedClassSpaceSize: 1.00 GB
Initial GC threshold: 21.00 MB
Current GC threshold: 119.62 MB
CDS: off
 - commit_granule_bytes: 65536.
 - commit_granule_words: 8192.
 - virtual_space_node_default_size: 8388608.
 - enlarge_chunks_in_place: 1.
 - use_allocation_guard: 0.


Internal statistics:

num_allocs_failed_limit: 9.
num_arena_births: 3640.
num_arena_deaths: 0.
num_vsnodes_births: 2.
num_vsnodes_deaths: 0.
num_space_committed: 1163.
num_space_uncommitted: 0.
num_chunks_returned_to_freelist: 9.
num_chunks_taken_from_freelist: 6799.
num_chunk_merges: 9.
num_chunk_splits: 4372.
num_chunks_enlarged: 2641.
num_inconsistent_stats: 0.

CodeHeap 'non-profiled nmethods': size=120000Kb used=4255Kb max_used=4791Kb free=115745Kb
 bounds [0x0000026a1cc30000, 0x0000026a1d0e0000, 0x0000026a24160000]
CodeHeap 'profiled nmethods': size=120000Kb used=13516Kb max_used=13739Kb free=106483Kb
 bounds [0x0000026a15160000, 0x0000026a15ee0000, 0x0000026a1c690000]
CodeHeap 'non-nmethods': size=5760Kb used=1900Kb max_used=1961Kb free=3859Kb
 bounds [0x0000026a1c690000, 0x0000026a1c900000, 0x0000026a1cc30000]
CodeCache: size=245760Kb, used=19671Kb, max_used=20491Kb, free=226087Kb
 total_blobs=8165, nmethods=7375, adapters=693, full_count=0
Compilation: enabled, stopped_count=0, restarted_count=0

Compilation events (20 events):
Event: 3.722 Thread 0x0000026a29cc5330 nmethod 8377 0x0000026a1581e690 code [0x0000026a1581e840, 0x0000026a1581ea00]
Event: 3.722 Thread 0x0000026a29cc5330 8378       3       com.google.common.collect.MapMakerInternalMap$Segment::drainValueReferenceQueue (42 bytes)
Event: 3.722 Thread 0x0000026a29cc5330 nmethod 8378 0x0000026a1581dd90 code [0x0000026a1581df60, 0x0000026a1581e380]
Event: 3.722 Thread 0x0000026a29cc5330 8379       3       com.google.common.collect.MapMakerInternalMap$StrongKeyWeakValueEntry$Helper::setValue (32 bytes)
Event: 3.723 Thread 0x0000026a29cc5330 nmethod 8379 0x0000026a1566e510 code [0x0000026a1566e700, 0x0000026a1566ed00]
Event: 3.723 Thread 0x0000026a29c9b850 nmethod 8372 0x0000026a1cd00890 code [0x0000026a1cd00b40, 0x0000026a1cd01ca8]
Event: 3.723 Thread 0x0000026a29cc5330 8380   !   3       com.google.common.collect.MapMakerInternalMap$Segment::get (58 bytes)
Event: 3.723 Thread 0x0000026a29cc5330 nmethod 8380 0x0000026a15349590 code [0x0000026a153498a0, 0x0000026a1534ad28]
Event: 3.723 Thread 0x0000026a29cc5330 8381   !   3       org.gradle.internal.classloader.FilteringClassLoader::loadClass (62 bytes)
Event: 3.724 Thread 0x0000026a29cc5330 nmethod 8381 0x0000026a1566d210 code [0x0000026a1566d4c0, 0x0000026a1566e030]
Event: 3.724 Thread 0x0000026a2a111fe0 nmethod 8333 0x0000026a1cce1110 code [0x0000026a1cce1560, 0x0000026a1cce5050]
Event: 3.724 Thread 0x0000026a29cc5330 8382       3       org.gradle.api.internal.DefaultDomainObjectCollection$IteratorImpl::hasNext (10 bytes)
Event: 3.724 Thread 0x0000026a29cc5330 nmethod 8382 0x0000026a1564db90 code [0x0000026a1564dd40, 0x0000026a1564df10]
Event: 3.728 Thread 0x0000026a29cc5330 8383       3       org.gradle.internal.classloader.TransformErrorHandler::getLastErrorAndClear (20 bytes)
Event: 3.728 Thread 0x0000026a29cc5330 nmethod 8383 0x0000026a1564d510 code [0x0000026a1564d6e0, 0x0000026a1564da68]
Event: 3.739 Thread 0x0000026a29cc5330 8384       3       java.security.Permission::<init> (10 bytes)
Event: 3.739 Thread 0x0000026a29cc5330 nmethod 8384 0x0000026a1564d110 code [0x0000026a1564d2c0, 0x0000026a1564d478]
Event: 3.741 Thread 0x0000026a2a659ad0 8385   !   4       jdk.internal.loader.Resource::getBytes (244 bytes)
Event: 3.741 Thread 0x0000026a2a111fe0 8386       4       java.net.URI$Parser::scan (41 bytes)
Event: 3.743 Thread 0x0000026a2a111fe0 nmethod 8386 0x0000026a1ceba410 code [0x0000026a1ceba5c0, 0x0000026a1ceba9a8]

GC Heap History (20 events):
Event: 1.740 GC heap after
{Heap after GC invocations=9 (full 0):
 garbage-first heap   total 83968K, used 27944K [0x0000000080000000, 0x0000000100000000)
  region size 1024K, 5 young (5120K), 5 survivors (5120K)
 Metaspace       used 41026K, committed 42048K, reserved 1114112K
  class space    used 5625K, committed 6144K, reserved 1048576K
}
Event: 1.992 GC heap before
{Heap before GC invocations=9 (full 0):
 garbage-first heap   total 83968K, used 67880K [0x0000000080000000, 0x0000000100000000)
  region size 1024K, 45 young (46080K), 5 survivors (5120K)
 Metaspace       used 47228K, committed 48512K, reserved 1114112K
  class space    used 6549K, committed 7168K, reserved 1048576K
}
Event: 1.995 GC heap after
{Heap after GC invocations=10 (full 0):
 garbage-first heap   total 83968K, used 31236K [0x0000000080000000, 0x0000000100000000)
  region size 1024K, 6 young (6144K), 6 survivors (6144K)
 Metaspace       used 47228K, committed 48512K, reserved 1114112K
  class space    used 6549K, committed 7168K, reserved 1048576K
}
Event: 2.266 GC heap before
{Heap before GC invocations=10 (full 0):
 garbage-first heap   total 83968K, used 70148K [0x0000000080000000, 0x0000000100000000)
  region size 1024K, 44 young (45056K), 6 survivors (6144K)
 Metaspace       used 52769K, committed 54208K, reserved 1114112K
  class space    used 7385K, committed 8064K, reserved 1048576K
}
Event: 2.271 GC heap after
{Heap after GC invocations=11 (full 0):
 garbage-first heap   total 101376K, used 34228K [0x0000000080000000, 0x0000000100000000)
  region size 1024K, 6 young (6144K), 6 survivors (6144K)
 Metaspace       used 52769K, committed 54208K, reserved 1114112K
  class space    used 7385K, committed 8064K, reserved 1048576K
}
Event: 2.609 GC heap before
{Heap before GC invocations=11 (full 0):
 garbage-first heap   total 101376K, used 84404K [0x0000000080000000, 0x0000000100000000)
  region size 1024K, 54 young (55296K), 6 survivors (6144K)
 Metaspace       used 56854K, committed 58496K, reserved 1114112K
  class space    used 8044K, committed 8832K, reserved 1048576K
}
Event: 2.612 GC heap after
{Heap after GC invocations=12 (full 0):
 garbage-first heap   total 101376K, used 42647K [0x0000000080000000, 0x0000000100000000)
  region size 1024K, 7 young (7168K), 7 survivors (7168K)
 Metaspace       used 56854K, committed 58496K, reserved 1114112K
  class space    used 8044K, committed 8832K, reserved 1048576K
}
Event: 2.720 GC heap before
{Heap before GC invocations=12 (full 0):
 garbage-first heap   total 101376K, used 69271K [0x0000000080000000, 0x0000000100000000)
  region size 1024K, 34 young (34816K), 7 survivors (7168K)
 Metaspace       used 58622K, committed 60288K, reserved 1114112K
  class space    used 8337K, committed 9152K, reserved 1048576K
}
Event: 2.723 GC heap after
{Heap after GC invocations=13 (full 0):
 garbage-first heap   total 101376K, used 44451K [0x0000000080000000, 0x0000000100000000)
  region size 1024K, 2 young (2048K), 2 survivors (2048K)
 Metaspace       used 58622K, committed 60288K, reserved 1114112K
  class space    used 8337K, committed 9152K, reserved 1048576K
}
Event: 3.006 GC heap before
{Heap before GC invocations=14 (full 0):
 garbage-first heap   total 101376K, used 86435K [0x0000000080000000, 0x0000000100000000)
  region size 1024K, 44 young (45056K), 2 survivors (2048K)
 Metaspace       used 64146K, committed 65920K, reserved 1114112K
  class space    used 9129K, committed 9984K, reserved 1048576K
}
Event: 3.008 GC heap after
{Heap after GC invocations=15 (full 0):
 garbage-first heap   total 101376K, used 46291K [0x0000000080000000, 0x0000000100000000)
  region size 1024K, 4 young (4096K), 4 survivors (4096K)
 Metaspace       used 64146K, committed 65920K, reserved 1114112K
  class space    used 9129K, committed 9984K, reserved 1048576K
}
Event: 3.236 GC heap before
{Heap before GC invocations=15 (full 0):
 garbage-first heap   total 101376K, used 88275K [0x0000000080000000, 0x0000000100000000)
  region size 1024K, 45 young (46080K), 4 survivors (4096K)
 Metaspace       used 69744K, committed 71616K, reserved 1114112K
  class space    used 10035K, committed 10944K, reserved 1048576K
}
Event: 3.239 GC heap after
{Heap after GC invocations=16 (full 0):
 garbage-first heap   total 101376K, used 47917K [0x0000000080000000, 0x0000000100000000)
  region size 1024K, 5 young (5120K), 5 survivors (5120K)
 Metaspace       used 69744K, committed 71616K, reserved 1114112K
  class space    used 10035K, committed 10944K, reserved 1048576K
}
Event: 3.497 GC heap before
{Heap before GC invocations=16 (full 0):
 garbage-first heap   total 101376K, used 89901K [0x0000000080000000, 0x0000000100000000)
  region size 1024K, 47 young (48128K), 5 survivors (5120K)
 Metaspace       used 71233K, committed 73152K, reserved 1114112K
  class space    used 10219K, committed 11136K, reserved 1048576K
}
Event: 3.500 GC heap after
{Heap after GC invocations=17 (full 0):
 garbage-first heap   total 101376K, used 52317K [0x0000000080000000, 0x0000000100000000)
  region size 1024K, 6 young (6144K), 6 survivors (6144K)
 Metaspace       used 71233K, committed 73152K, reserved 1114112K
  class space    used 10219K, committed 11136K, reserved 1048576K
}
Event: 3.557 GC heap before
{Heap before GC invocations=17 (full 0):
 garbage-first heap   total 101376K, used 89181K [0x0000000080000000, 0x0000000100000000)
  region size 1024K, 43 young (44032K), 6 survivors (6144K)
 Metaspace       used 71486K, committed 73344K, reserved 1114112K
  class space    used 10219K, committed 11136K, reserved 1048576K
}
Event: 3.560 GC heap after
{Heap after GC invocations=18 (full 0):
 garbage-first heap   total 101376K, used 54648K [0x0000000080000000, 0x0000000100000000)
  region size 1024K, 3 young (3072K), 3 survivors (3072K)
 Metaspace       used 71486K, committed 73344K, reserved 1114112K
  class space    used 10219K, committed 11136K, reserved 1048576K
}
Event: 3.611 GC heap before
{Heap before GC invocations=19 (full 0):
 garbage-first heap   total 101376K, used 90488K [0x0000000080000000, 0x0000000100000000)
  region size 1024K, 39 young (39936K), 3 survivors (3072K)
 Metaspace       used 71573K, committed 73472K, reserved 1114112K
  class space    used 10220K, committed 11136K, reserved 1048576K
}
Event: 3.612 GC heap after
{Heap after GC invocations=20 (full 0):
 garbage-first heap   total 101376K, used 55856K [0x0000000080000000, 0x0000000100000000)
  region size 1024K, 5 young (5120K), 5 survivors (5120K)
 Metaspace       used 71573K, committed 73472K, reserved 1114112K
  class space    used 10220K, committed 11136K, reserved 1048576K
}
Event: 3.744 GC heap before
{Heap before GC invocations=20 (full 0):
 garbage-first heap   total 101376K, used 98864K [0x0000000080000000, 0x0000000100000000)
  region size 1024K, 40 young (40960K), 5 survivors (5120K)
 Metaspace       used 72585K, committed 74432K, reserved 1114112K
  class space    used 10338K, committed 11264K, reserved 1048576K
}

Dll operation events (3 events):
Event: 0.005 Loaded shared library D:\androidstudio\jbr\bin\java.dll
Event: 0.008 Loaded shared library D:\androidstudio\jbr\bin\zip.dll
Event: 0.303 Loaded shared library D:\androidstudio\jbr\bin\verify.dll

Deoptimization events (20 events):
Event: 3.716 Thread 0x0000026a2fdf4b50 Uncommon trap: trap_request=0xffffffc6 fr.pc=0x0000026a1cd89650 relative=0x0000000000000b50
Event: 3.716 Thread 0x0000026a2fdf4b50 Uncommon trap: reason=bimorphic_or_optimized_type_check action=maybe_recompile pc=0x0000026a1cd89650 method=sun.security.provider.DigestBase.engineDigest([BII)I @ 97 c2
Event: 3.716 Thread 0x0000026a2fdf4b50 DEOPT PACKING pc=0x0000026a1cd89650 sp=0x000000eede9f6350
Event: 3.716 Thread 0x0000026a2fdf4b50 DEOPT UNPACKING pc=0x0000026a1c6e43a2 sp=0x000000eede9f6320 mode 2
Event: 3.717 Thread 0x0000026a2fdf4b50 Uncommon trap: trap_request=0xffffffde fr.pc=0x0000026a1d072be8 relative=0x0000000000006a08
Event: 3.717 Thread 0x0000026a2fdf4b50 Uncommon trap: reason=class_check action=maybe_recompile pc=0x0000026a1d072be8 method=java.util.jar.JarFile.getManifestFromReference()Ljava/util/jar/Manifest; @ 152 c2
Event: 3.717 Thread 0x0000026a2fdf4b50 DEOPT PACKING pc=0x0000026a1d072be8 sp=0x000000eede9f6640
Event: 3.717 Thread 0x0000026a2fdf4b50 DEOPT UNPACKING pc=0x0000026a1c6e43a2 sp=0x000000eede9f6448 mode 2
Event: 3.722 Thread 0x0000026a2fdf4b50 Uncommon trap: trap_request=0xffffffc6 fr.pc=0x0000026a1ced9c8c relative=0x00000000000003ac
Event: 3.722 Thread 0x0000026a2fdf4b50 Uncommon trap: reason=bimorphic_or_optimized_type_check action=maybe_recompile pc=0x0000026a1ced9c8c method=com.google.common.cache.LocalCache$Segment.getEntry(Ljava/lang/Object;I)Lcom/google/common/cache/ReferenceEntry; @ 11 c2
Event: 3.722 Thread 0x0000026a2fdf4b50 DEOPT PACKING pc=0x0000026a1ced9c8c sp=0x000000eede9f7250
Event: 3.722 Thread 0x0000026a2fdf4b50 DEOPT UNPACKING pc=0x0000026a1c6e43a2 sp=0x000000eede9f71e8 mode 2
Event: 3.732 Thread 0x0000026a2fdf4b50 DEOPT PACKING pc=0x0000026a156c0f01 sp=0x000000eede9f2100
Event: 3.732 Thread 0x0000026a2fdf4b50 DEOPT UNPACKING pc=0x0000026a1c6e4b42 sp=0x000000eede9f1610 mode 0
Event: 3.741 Thread 0x0000026a2fdf4b50 Uncommon trap: trap_request=0xffffffde fr.pc=0x0000026a1d072be8 relative=0x0000000000006a08
Event: 3.741 Thread 0x0000026a2fdf4b50 Uncommon trap: reason=class_check action=maybe_recompile pc=0x0000026a1d072be8 method=java.util.jar.JarFile.getManifestFromReference()Ljava/util/jar/Manifest; @ 152 c2
Event: 3.741 Thread 0x0000026a2fdf4b50 DEOPT PACKING pc=0x0000026a1d072be8 sp=0x000000eede9f56f0
Event: 3.741 Thread 0x0000026a2fdf4b50 DEOPT UNPACKING pc=0x0000026a1c6e43a2 sp=0x000000eede9f54f8 mode 2
Event: 3.741 Thread 0x0000026a2fdf4b50 DEOPT PACKING pc=0x0000026a15b35478 sp=0x000000eede9f3a20
Event: 3.741 Thread 0x0000026a2fdf4b50 DEOPT UNPACKING pc=0x0000026a1c6e4b42 sp=0x000000eede9f2f08 mode 0

Classes loaded (20 events):
Event: 3.637 Loading class java/io/FileBeanInfo
Event: 3.637 Loading class java/io/FileBeanInfo done
Event: 3.637 Loading class java/io/FileBeanInfo
Event: 3.637 Loading class java/io/FileBeanInfo done
Event: 3.637 Loading class java/io/FileCustomizer
Event: 3.637 Loading class java/io/FileCustomizer done
Event: 3.637 Loading class java/io/FileCustomizer
Event: 3.637 Loading class java/io/FileCustomizer done
Event: 3.649 Loading class java/util/AbstractCollectionBeanInfo
Event: 3.649 Loading class java/util/AbstractCollectionBeanInfo done
Event: 3.649 Loading class java/util/AbstractCollectionBeanInfo
Event: 3.649 Loading class java/util/AbstractCollectionBeanInfo done
Event: 3.649 Loading class java/util/AbstractCollectionCustomizer
Event: 3.649 Loading class java/util/AbstractCollectionCustomizer done
Event: 3.649 Loading class java/util/AbstractCollectionCustomizer
Event: 3.649 Loading class java/util/AbstractCollectionCustomizer done
Event: 3.657 Loading class java/util/stream/SortedOps$RefSortingSink
Event: 3.657 Loading class java/util/stream/SortedOps$RefSortingSink done
Event: 3.660 Loading class java/time/Ser
Event: 3.660 Loading class java/time/Ser done

Classes unloaded (0 events):
No events

Classes redefined (0 events):
No events

Internal exceptions (20 events):
Event: 3.738 Thread 0x0000026a2fdf4b50 Exception <a 'sun/nio/fs/WindowsException'{0x00000000842909f0}> (0x00000000842909f0) 
thrown [s\src\hotspot\share\prims\jni.cpp, line 537]
Event: 3.738 Thread 0x0000026a2fdf4b50 Exception <a 'sun/nio/fs/WindowsException'{0x00000000842c4ec0}> (0x00000000842c4ec0) 
thrown [s\src\hotspot\share\prims\jni.cpp, line 537]
Event: 3.738 Thread 0x0000026a2fdf4b50 Exception <a 'sun/nio/fs/WindowsException'{0x00000000842db8e0}> (0x00000000842db8e0) 
thrown [s\src\hotspot\share\prims\jni.cpp, line 537]
Event: 3.739 Thread 0x0000026a2fdf4b50 Exception <a 'sun/nio/fs/WindowsException'{0x00000000842eda28}> (0x00000000842eda28) 
thrown [s\src\hotspot\share\prims\jni.cpp, line 537]
Event: 3.739 Thread 0x0000026a2fdf4b50 Exception <a 'sun/nio/fs/WindowsException'{0x00000000842fc1c8}> (0x00000000842fc1c8) 
thrown [s\src\hotspot\share\prims\jni.cpp, line 537]
Event: 3.739 Thread 0x0000026a2fdf4b50 Exception <a 'sun/nio/fs/WindowsException'{0x00000000841162f8}> (0x00000000841162f8) 
thrown [s\src\hotspot\share\prims\jni.cpp, line 537]
Event: 3.740 Thread 0x0000026a2fdf4b50 Exception <a 'sun/nio/fs/WindowsException'{0x000000008412c960}> (0x000000008412c960) 
thrown [s\src\hotspot\share\prims\jni.cpp, line 537]
Event: 3.740 Thread 0x0000026a2fdf4b50 Exception <a 'sun/nio/fs/WindowsException'{0x000000008413fd30}> (0x000000008413fd30) 
thrown [s\src\hotspot\share\prims\jni.cpp, line 537]
Event: 3.740 Thread 0x0000026a2fdf4b50 Exception <a 'sun/nio/fs/WindowsException'{0x000000008414f950}> (0x000000008414f950) 
thrown [s\src\hotspot\share\prims\jni.cpp, line 537]
Event: 3.741 Thread 0x0000026a2fdf4b50 Exception <a 'sun/nio/fs/WindowsException'{0x000000008416ed00}> (0x000000008416ed00) 
thrown [s\src\hotspot\share\prims\jni.cpp, line 537]
Event: 3.741 Thread 0x0000026a2fdf4b50 Exception <a 'sun/nio/fs/WindowsException'{0x000000008417d2b8}> (0x000000008417d2b8) 
thrown [s\src\hotspot\share\prims\jni.cpp, line 537]
Event: 3.742 Thread 0x0000026a2fdf4b50 Exception <a 'sun/nio/fs/WindowsException'{0x00000000841a67c8}> (0x00000000841a67c8) 
thrown [s\src\hotspot\share\prims\jni.cpp, line 537]
Event: 3.742 Thread 0x0000026a2fdf4b50 Exception <a 'sun/nio/fs/WindowsException'{0x00000000841ceb58}> (0x00000000841ceb58) 
thrown [s\src\hotspot\share\prims\jni.cpp, line 537]
Event: 3.742 Thread 0x0000026a2fdf4b50 Exception <a 'sun/nio/fs/WindowsException'{0x00000000841de008}> (0x00000000841de008) 
thrown [s\src\hotspot\share\prims\jni.cpp, line 537]
Event: 3.743 Thread 0x0000026a2fdf4b50 Exception <a 'sun/nio/fs/WindowsException'{0x00000000841fd7b0}> (0x00000000841fd7b0) 
thrown [s\src\hotspot\share\prims\jni.cpp, line 537]
Event: 3.743 Thread 0x0000026a2fdf4b50 Exception <a 'sun/nio/fs/WindowsException'{0x0000000084098910}> (0x0000000084098910) 
thrown [s\src\hotspot\share\prims\jni.cpp, line 537]
Event: 3.743 Thread 0x0000026a2fdf4b50 Exception <a 'sun/nio/fs/WindowsException'{0x00000000840aa5e0}> (0x00000000840aa5e0) 
thrown [s\src\hotspot\share\prims\jni.cpp, line 537]
Event: 3.744 Thread 0x0000026a2fdf4b50 Exception <a 'sun/nio/fs/WindowsException'{0x00000000840c83e8}> (0x00000000840c83e8) 
thrown [s\src\hotspot\share\prims\jni.cpp, line 537]
Event: 3.744 Thread 0x0000026a2fdf4b50 Exception <a 'sun/nio/fs/WindowsException'{0x00000000840e6908}> (0x00000000840e6908) 
thrown [s\src\hotspot\share\prims\jni.cpp, line 537]
Event: 3.744 Thread 0x0000026a2fdf4b50 Exception <a 'sun/nio/fs/WindowsException'{0x00000000840f4ef8}> (0x00000000840f4ef8) 
thrown [s\src\hotspot\share\prims\jni.cpp, line 537]

ZGC Phase Switch (0 events):
No events

VM Operations (20 events):
Event: 3.239 Executing safepoint VM operation: G1CollectForAllocation (G1 Evacuation Pause) done
Event: 3.296 Executing non-safepoint VM operation: HandshakeAllThreads (Deoptimize)
Event: 3.296 Executing non-safepoint VM operation: HandshakeAllThreads (Deoptimize) done
Event: 3.390 Executing safepoint VM operation: ICBufferFull
Event: 3.390 Executing safepoint VM operation: ICBufferFull done
Event: 3.447 Executing safepoint VM operation: ICBufferFull
Event: 3.447 Executing safepoint VM operation: ICBufferFull done
Event: 3.497 Executing safepoint VM operation: G1CollectForAllocation (G1 Evacuation Pause)
Event: 3.500 Executing safepoint VM operation: G1CollectForAllocation (G1 Evacuation Pause) done
Event: 3.557 Executing safepoint VM operation: G1CollectForAllocation (G1 Evacuation Pause)
Event: 3.560 Executing safepoint VM operation: G1CollectForAllocation (G1 Evacuation Pause) done
Event: 3.578 Executing safepoint VM operation: G1PauseRemark
Event: 3.580 Executing safepoint VM operation: G1PauseRemark done
Event: 3.589 Executing safepoint VM operation: G1PauseCleanup
Event: 3.589 Executing safepoint VM operation: G1PauseCleanup done
Event: 3.610 Executing safepoint VM operation: G1CollectForAllocation (G1 Evacuation Pause)
Event: 3.612 Executing safepoint VM operation: G1CollectForAllocation (G1 Evacuation Pause) done
Event: 3.691 Executing safepoint VM operation: ICBufferFull
Event: 3.692 Executing safepoint VM operation: ICBufferFull done
Event: 3.744 Executing safepoint VM operation: G1CollectForAllocation (G1 Evacuation Pause)

Memory protections (0 events):
No events

Nmethod flushes (20 events):
Event: 3.579 Thread 0x0000026a29b4af10 flushing  nmethod 0x0000026a15314190
Event: 3.579 Thread 0x0000026a29b4af10 flushing  nmethod 0x0000026a15314710
Event: 3.579 Thread 0x0000026a29b4af10 flushing  nmethod 0x0000026a15371610
Event: 3.579 Thread 0x0000026a29b4af10 flushing  nmethod 0x0000026a15371e10
Event: 3.579 Thread 0x0000026a29b4af10 flushing  nmethod 0x0000026a15372810
Event: 3.579 Thread 0x0000026a29b4af10 flushing  nmethod 0x0000026a15374e90
Event: 3.579 Thread 0x0000026a29b4af10 flushing  nmethod 0x0000026a155caa90
Event: 3.579 Thread 0x0000026a29b4af10 flushing  nmethod 0x0000026a1564c210
Event: 3.579 Thread 0x0000026a29b4af10 flushing  nmethod 0x0000026a156be710
Event: 3.579 Thread 0x0000026a29b4af10 flushing  nmethod 0x0000026a156c2790
Event: 3.579 Thread 0x0000026a29b4af10 flushing  nmethod 0x0000026a156c3910
Event: 3.579 Thread 0x0000026a29b4af10 flushing  nmethod 0x0000026a1578a510
Event: 3.579 Thread 0x0000026a29b4af10 flushing  nmethod 0x0000026a1578c590
Event: 3.579 Thread 0x0000026a29b4af10 flushing  nmethod 0x0000026a157de010
Event: 3.579 Thread 0x0000026a29b4af10 flushing  nmethod 0x0000026a157e8910
Event: 3.579 Thread 0x0000026a29b4af10 flushing  nmethod 0x0000026a157ee190
Event: 3.579 Thread 0x0000026a29b4af10 flushing  nmethod 0x0000026a1588f310
Event: 3.579 Thread 0x0000026a29b4af10 flushing  nmethod 0x0000026a1590d190
Event: 3.579 Thread 0x0000026a29b4af10 flushing  nmethod 0x0000026a1590d790
Event: 3.579 Thread 0x0000026a29b4af10 flushing  nmethod 0x0000026a1590dc90

Events (20 events):
Event: 1.889 Thread 0x0000026a2fdf4b50 Thread added: 0x0000026a32149390
Event: 1.901 Thread 0x0000026a2fdf4b50 Thread added: 0x0000026a32147fe0
Event: 2.133 Thread 0x0000026a2fdf4b50 Thread added: 0x0000026a3214d530
Event: 2.390 Thread 0x0000026a2fdf4b50 Thread added: 0x0000026a3214a0b0
Event: 2.391 Thread 0x0000026a2fdf4b50 Thread added: 0x0000026a3214a740
Event: 2.392 Thread 0x0000026a2fdf4b50 Thread added: 0x0000026a3214b460
Event: 2.393 Thread 0x0000026a2fdf4b50 Thread added: 0x0000026a32146c30
Event: 2.393 Thread 0x0000026a2fdf4b50 Thread added: 0x0000026a321472c0
Event: 2.394 Thread 0x0000026a2fdf4b50 Thread added: 0x0000026a32147950
Event: 2.394 Thread 0x0000026a2fdf4b50 Thread added: 0x0000026a31370b50
Event: 2.395 Thread 0x0000026a2fdf4b50 Thread added: 0x0000026a31371f00
Event: 2.396 Thread 0x0000026a2fdf4b50 Thread added: 0x0000026a3136c9b0
Event: 2.397 Thread 0x0000026a2fdf4b50 Thread added: 0x0000026a313704c0
Event: 2.415 Thread 0x0000026a2fdf4b50 Thread added: 0x0000026a3136f110
Event: 2.416 Thread 0x0000026a2fdf4b50 Thread added: 0x0000026a313711e0
Event: 2.475 Thread 0x0000026a2fdf4b50 Thread added: 0x0000026a3136d6d0
Event: 2.506 Thread 0x0000026a2fdf4b50 Thread added: 0x0000026a31371870
Event: 2.533 Thread 0x0000026a2fdf4b50 Thread added: 0x0000026a31372590
Event: 2.545 Thread 0x0000026a2fdf4b50 Thread added: 0x0000026a3136dd60
Event: 2.548 Thread 0x0000026a2fdf4b50 Thread added: 0x0000026a31372c20


Dynamic libraries:
0x00007ff6e80f0000 - 0x00007ff6e80fa000 	D:\androidstudio\jbr\bin\java.exe
0x00007ffc697f0000 - 0x00007ffc699e8000 	C:\Windows\SYSTEM32\ntdll.dll
0x00007ffc679c0000 - 0x00007ffc67a82000 	C:\Windows\System32\KERNEL32.DLL
0x00007ffc67230000 - 0x00007ffc67526000 	C:\Windows\System32\KERNELBASE.dll
0x00007ffc67090000 - 0x00007ffc67190000 	C:\Windows\System32\ucrtbase.dll
0x00007ffc2d360000 - 0x00007ffc2d378000 	D:\androidstudio\jbr\bin\jli.dll
0x00007ffc48bb0000 - 0x00007ffc48bcb000 	D:\androidstudio\jbr\bin\VCRUNTIME140.dll
0x00007ffc69500000 - 0x00007ffc696a1000 	C:\Windows\System32\USER32.dll
0x00007ffc66e50000 - 0x00007ffc66e72000 	C:\Windows\System32\win32u.dll
0x00007ffc519f0000 - 0x00007ffc51c8b000 	C:\Windows\WinSxS\amd64_microsoft.windows.common-controls_6595b64144ccf1df_6.0.19041.6456_none_60b8a6cb71f64256\COMCTL32.dll
0x00007ffc687f0000 - 0x00007ffc6881b000 	C:\Windows\System32\GDI32.dll
0x00007ffc67a90000 - 0x00007ffc67b2e000 	C:\Windows\System32\msvcrt.dll
0x00007ffc67530000 - 0x00007ffc67649000 	C:\Windows\System32\gdi32full.dll
0x00007ffc67190000 - 0x00007ffc6722d000 	C:\Windows\System32\msvcp_win.dll
0x00007ffc677e0000 - 0x00007ffc6780f000 	C:\Windows\System32\IMM32.DLL
0x00007ffc63e10000 - 0x00007ffc63e1c000 	D:\androidstudio\jbr\bin\vcruntime140_1.dll
0x00007ffbe6700000 - 0x00007ffbe678d000 	D:\androidstudio\jbr\bin\msvcp140.dll
0x00007ffbcbfd0000 - 0x00007ffbccc66000 	D:\androidstudio\jbr\bin\server\jvm.dll
0x00007ffc689b0000 - 0x00007ffc68a61000 	C:\Windows\System32\ADVAPI32.dll
0x00007ffc67b30000 - 0x00007ffc67bcf000 	C:\Windows\System32\sechost.dll
0x00007ffc68650000 - 0x00007ffc68770000 	C:\Windows\System32\RPCRT4.dll
0x00007ffc677b0000 - 0x00007ffc677d7000 	C:\Windows\System32\bcrypt.dll
0x00007ffc69250000 - 0x00007ffc692bb000 	C:\Windows\System32\WS2_32.dll
0x00007ffc66d30000 - 0x00007ffc66d7b000 	C:\Windows\SYSTEM32\POWRPROF.dll
0x00007ffc5fe70000 - 0x00007ffc5fe7a000 	C:\Windows\SYSTEM32\VERSION.dll
0x00007ffc5b510000 - 0x00007ffc5b537000 	C:\Windows\SYSTEM32\WINMM.dll
0x00007ffc66d10000 - 0x00007ffc66d22000 	C:\Windows\SYSTEM32\UMPDC.dll
0x00007ffc656b0000 - 0x00007ffc656c2000 	C:\Windows\SYSTEM32\kernel.appcore.dll
0x00007ffc61190000 - 0x00007ffc6119a000 	D:\androidstudio\jbr\bin\jimage.dll
0x00007ffc64b20000 - 0x00007ffc64d21000 	C:\Windows\SYSTEM32\DBGHELP.DLL
0x00007ffc439f0000 - 0x00007ffc43a24000 	C:\Windows\SYSTEM32\dbgcore.DLL
0x00007ffc66fb0000 - 0x00007ffc67032000 	C:\Windows\System32\bcryptPrimitives.dll
0x00007ffc639f0000 - 0x00007ffc639fe000 	D:\androidstudio\jbr\bin\instrument.dll
0x00007ffc48b90000 - 0x00007ffc48bb0000 	D:\androidstudio\jbr\bin\java.dll
0x00007ffc48b40000 - 0x00007ffc48b58000 	D:\androidstudio\jbr\bin\zip.dll
0x00007ffc68ae0000 - 0x00007ffc69250000 	C:\Windows\System32\SHELL32.dll
0x00007ffc64d70000 - 0x00007ffc65515000 	C:\Windows\SYSTEM32\windows.storage.dll
0x00007ffc67c30000 - 0x00007ffc67f84000 	C:\Windows\System32\combase.dll
0x00007ffc667a0000 - 0x00007ffc667cb000 	C:\Windows\SYSTEM32\Wldp.dll
0x00007ffc696b0000 - 0x00007ffc6977d000 	C:\Windows\System32\OLEAUT32.dll
0x00007ffc69450000 - 0x00007ffc694fd000 	C:\Windows\System32\SHCORE.dll
0x00007ffc68950000 - 0x00007ffc689ab000 	C:\Windows\System32\shlwapi.dll
0x00007ffc66d80000 - 0x00007ffc66da4000 	C:\Windows\SYSTEM32\profapi.dll
0x00007ffc53740000 - 0x00007ffc53750000 	D:\androidstudio\jbr\bin\net.dll
0x00007ffc5f7d0000 - 0x00007ffc5f8da000 	C:\Windows\SYSTEM32\WINHTTP.dll
0x00007ffc66500000 - 0x00007ffc6656a000 	C:\Windows\system32\mswsock.dll
0x00007ffc48a80000 - 0x00007ffc48a96000 	D:\androidstudio\jbr\bin\nio.dll
0x00007ffc464e0000 - 0x00007ffc464f0000 	D:\androidstudio\jbr\bin\verify.dll
0x00007ffc46030000 - 0x00007ffc46057000 	C:\Users\Administrator\.gradle\native\660c5614fbf4a5f2a75b1949f50a0caf5cd603558e7d8a26e50b933a0cfb79d1\windows-amd64\native-platform.dll
0x00007ffc2eca0000 - 0x00007ffc2ed17000 	C:\Users\Administrator\.gradle\native\0.2.8\x86_64-windows-gnu\gradle-fileevents.dll
0x00007ffc48a70000 - 0x00007ffc48a79000 	D:\androidstudio\jbr\bin\management.dll
0x00007ffc487a0000 - 0x00007ffc487ab000 	D:\androidstudio\jbr\bin\management_ext.dll
0x00007ffc68050000 - 0x00007ffc68058000 	C:\Windows\System32\PSAPI.DLL
0x00007ffc661e0000 - 0x00007ffc6621b000 	C:\Windows\SYSTEM32\IPHLPAPI.DLL
0x00007ffc68ad0000 - 0x00007ffc68ad8000 	C:\Windows\System32\NSI.dll
0x00007ffc48b80000 - 0x00007ffc48b89000 	D:\androidstudio\jbr\bin\extnet.dll
0x00007ffc66700000 - 0x00007ffc66718000 	C:\Windows\SYSTEM32\CRYPTSP.dll
0x00007ffc65e20000 - 0x00007ffc65e58000 	C:\Windows\system32\rsaenh.dll
0x00007ffc66c90000 - 0x00007ffc66cbe000 	C:\Windows\SYSTEM32\USERENV.dll
0x00007ffc666f0000 - 0x00007ffc666fc000 	C:\Windows\SYSTEM32\CRYPTBASE.dll
0x00007ffc516f0000 - 0x00007ffc516f7000 	C:\Windows\system32\wshunix.dll

JVMTI agents:
C:\Users\Administrator\.gradle\wrapper\dists\gradle-9.4.1-bin\arn2x92ynaizyzdaamcbpbhtj\gradle-9.4.1\lib\agents\gradle-instrumentation-agent-9.4.1.jar path:D:\androidstudio\jbr\bin\instrument.dll, loaded, initialized, instrumentlib options:none

dbghelp: loaded successfully - version: 4.0.5 - missing functions: none
symbol engine: initialized successfully - sym options: 0x614 - pdb path: .;D:\androidstudio\jbr\bin;C:\Windows\SYSTEM32;C:\Windows\WinSxS\amd64_microsoft.windows.common-controls_6595b64144ccf1df_6.0.19041.6456_none_60b8a6cb71f64256;D:\androidstudio\jbr\bin\server;C:\Users\Administrator\.gradle\native\660c5614fbf4a5f2a75b1949f50a0caf5cd603558e7d8a26e50b933a0cfb79d1\windows-amd64;C:\Users\Administrator\.gradle\native\0.2.8\x86_64-windows-gnu

VM Arguments:
jvm_args: --add-opens=java.base/java.lang=ALL-UNNAMED --add-opens=java.base/java.lang.invoke=ALL-UNNAMED --add-opens=java.base/java.util=ALL-UNNAMED --add-opens=java.prefs/java.util.prefs=ALL-UNNAMED --add-exports=jdk.compiler/com.sun.tools.javac.api=ALL-UNNAMED --add-exports=jdk.compiler/com.sun.tools.javac.util=ALL-UNNAMED --add-opens=java.base/java.util=ALL-UNNAMED --add-opens=java.prefs/java.util.prefs=ALL-UNNAMED --add-opens=java.base/java.nio.charset=ALL-UNNAMED --add-opens=java.base/java.net=ALL-UNNAMED --add-opens=java.base/java.util.concurrent=ALL-UNNAMED --add-opens=java.base/java.util.concurrent.atomic=ALL-UNNAMED --add-opens=java.xml/javax.xml.namespace=ALL-UNNAMED --add-opens=java.base/java.time=ALL-UNNAMED -Xmx2048m -Dfile.encoding=UTF-8 -Duser.country=RU -Duser.language=ru -Duser.variant -javaagent:C:\Users\Administrator\.gradle\wrapper\dists\gradle-9.4.1-bin\arn2x92ynaizyzdaamcbpbhtj\gradle-9.4.1\lib\agents\gradle-instrumentation-agent-9.4.1.jar 
java_command: org.gradle.launcher.daemon.bootstrap.GradleDaemon 9.4.1
java_class_path (initial): C:\Users\Administrator\.gradle\wrapper\dists\gradle-9.4.1-bin\arn2x92ynaizyzdaamcbpbhtj\gradle-9.4.1\lib\gradle-daemon-main-9.4.1.jar
Launcher Type: SUN_STANDARD

[Global flags]
     intx CICompilerCount                          = 4                                         {product} {ergonomic}
     uint ConcGCThreads                            = 3                                         {product} {ergonomic}
     uint G1ConcRefinementThreads                  = 10                                        {product} {ergonomic}
   size_t G1HeapRegionSize                         = 1048576                                   {product} {ergonomic}
    uintx GCDrainStackTargetSize                   = 64                                        {product} {ergonomic}
   size_t InitialHeapSize                          = 266338304                                 {product} {ergonomic}
   size_t MarkStackSize                            = 4194304                                   {product} {ergonomic}
   size_t MaxHeapSize                              = 2147483648                                {product} {command line}
   size_t MaxNewSize                               = 1287651328                                {product} {ergonomic}
   size_t MinHeapDeltaBytes                        = 1048576                                   {product} {ergonomic}
   size_t MinHeapSize                              = 8388608                                   {product} {ergonomic}
    uintx NonNMethodCodeHeapSize                   = 5839372                                {pd product} {ergonomic}
    uintx NonProfiledCodeHeapSize                  = 122909434                              {pd product} {ergonomic}
    uintx ProfiledCodeHeapSize                     = 122909434                              {pd product} {ergonomic}
    uintx ReservedCodeCacheSize                    = 251658240                              {pd product} {ergonomic}
     bool SegmentedCodeCache                       = true                                      {product} {ergonomic}
   size_t SoftMaxHeapSize                          = 2147483648                             {manageable} {ergonomic}
     bool UseCompressedOops                        = true                           {product lp64_product} {ergonomic}
     bool UseG1GC                                  = true                                      {product} {ergonomic}
     bool UseLargePagesIndividualAllocation        = false                                  {pd product} {ergonomic}

Logging:
Log output configuration:
 #0: stdout all=warning uptime,level,tags foldmultilines=false
 #1: stderr all=off uptime,level,tags foldmultilines=false

Release file:
JAVA_VERSION="21.0.10" 
MODULES="java.base java.compiler java.datatransfer java.xml java.prefs java.desktop java.instrument java.logging java.management java.security.sasl java.naming java.rmi java.management.rmi java.net.http java.scripting java.security.jgss java.transaction.xa java.sql java.sql.rowset java.xml.crypto java.se java.smartcardio jdk.accessibility jdk.internal.jvmstat jdk.attach jdk.charsets jdk.internal.opt jdk.zipfs jdk.compiler jdk.crypto.ec jdk.crypto.cryptoki jdk.dynalink jdk.hotspot.agent jdk.httpserver jdk.internal.ed jdk.internal.le jdk.internal.vm.ci jdk.jartool jdk.javadoc jdk.jcmd jdk.jdeps jdk.jdwp.agent jdk.jdi jdk.jfr jdk.jlink jdk.jsobject jdk.localedata jdk.management jdk.management.agent jdk.management.jfr jdk.naming.dns jdk.naming.rmi jdk.net jdk.sctp jdk.security.auth jdk.security.jgss jdk.unsupported jdk.unsupported.desktop jdk.xml.dom" 
IMPLEMENTOR="JetBrains s.r.o." 
JAVA_RUNTIME_VERSION="21.0.10+-14961533-b1163.108" 
LIBC="default" 
OS_ARCH="x86_64" 
OS_NAME="Windows" 
SOURCE=".:git:1351622c2ff2" 

Environment Variables:
PATH=C:\Program Files\Microsoft MPI\Bin\;C:\Program Files (x86)\Common Files\Oracle\Java\java8path;C:\Program Files (x86)\Common Files\Oracle\Java\javapath;C:\ProgramData\Oracle\Java\javapath;C:\Windows\system32;C:\Windows;C:\Windows\System32\Wbem;C:\Windows\System32\WindowsPowerShell\v1.0\;C:\Windows\System32\OpenSSH\;C:\Program Files (x86)\NVIDIA Corporation\PhysX\Common;C:\Program Files\dotnet\;C:\Program Files\NVIDIA Corporation\NVIDIA app\NvDLISR;C:\Program Files\Microsoft SQL Server\150\Tools\Binn\;C:\Program Files\Microsoft SQL Server\Client SDK\ODBC\170\Tools\Binn\;C:\Program Files (x86)\Microsoft SQL Server\160\Tools\Binn\;C:\Program Files\Microsoft SQL Server\160\Tools\Binn\;C:\Program Files\Microsoft SQL Server\160\DTS\Binn\;C:\Program Files (x86)\Microsoft SQL Server\160\DTS\Binn\;C:\Program Files\Git\cmd;C:\Program Files\Microsoft SQL Server\170\Tools\Binn\;D:\osp\OSPanel\bin;C:\Users\Administrator\AppData\Local\Programs\Python\Python312\Scripts\;C:\Users\Administrator\AppData\Local\Programs\Python\Python312\;C:\Users\Administrator\AppData\Local\Programs\Python\Launcher\;C:\Users\Administrator\AppData\Local\Microsoft\WindowsApps;C:\msys64\ucrt64\bin;C:\Program Files\JetBrains\PyCharm Community Edition 2023.3.2\bin;;C:\Users\Administrator\AppData\Local\Programs\Microsoft VS Code\bin;C:\Users\Administrator\.dotnet\tools
USERNAME=Administrator
OS=Windows_NT
PROCESSOR_IDENTIFIER=Intel64 Family 6 Model 151 Stepping 5, GenuineIntel
TMP=C:\Users\ADMINI~1\AppData\Local\Temp
TEMP=C:\Users\ADMINI~1\AppData\Local\Temp




Periodic native trim disabled

JNI global refs:
JNI global refs: 28, weak refs: 0

JNI global refs memory usage: 835, weak refs: 833

Process memory usage:
Resident Set Size: 359672K (2% of 16614648K total physical memory with 994628K free physical memory)

OOME stack traces (most recent first):
Classloader memory used:
Loader org.gradle.internal.classloader.VisitableURLClassLoader                         : 37635K
Loader bootstrap                                                                       : 22581K
Loader org.gradle.initialization.MixInLegacyTypesClassLoader                           : 10902K
Loader org.gradle.internal.classloader.VisitableURLClassLoader$InstrumentingVisitableURLClassLoader: 709K
Loader jdk.internal.loader.ClassLoaders$AppClassLoader                                 : 189K
Loader jdk.internal.loader.ClassLoaders$PlatformClassLoader                            : 163K
Loader jdk.internal.reflect.DelegatingClassLoader                                      : 161K
Loader org.gradle.internal.classloader.VisitableURLClassLoader                         : 122K
Loader org.gradle.groovy.scripts.internal.DefaultScriptCompilationHandler$ScriptClassLoader: 119K

Classes loaded by more than one classloader:
Class Program                                                                         : loaded 4 times (x 74B)
Class org.gradle.internal.classloader.ClassLoaderHierarchy                            : loaded 2 times (x 70B)
Class org.gradle.internal.classloader.DefaultClassLoaderFactory                       : loaded 2 times (x 82B)
Class ijKotlinCoroutineJvmDebugInit1_5r7bdxi9damxfzcc7gj3q5i8h$_run_closure1          : loaded 2 times (x 139B)
Class org.gradle.api.internal.DefaultClassPathProvider                                : loaded 2 times (x 76B)
Class [Lorg.gradle.api.internal.ClassPathProvider;                                    : loaded 2 times (x 69B)
Class org.gradle.api.internal.ClassPathProvider                                       : loaded 2 times (x 70B)
Class org.gradle.internal.service.UnknownServiceException                             : loaded 2 times (x 83B)
Class org.gradle.internal.classpath.TransformedClassPath                              : loaded 2 times (x 96B)
Class org.gradle.internal.classloader.InstrumentingClassLoader                        : loaded 2 times (x 70B)
Class org.gradle.internal.service.ServiceLocator                                      : loaded 2 times (x 70B)
Class ijJvmDebugger1_9g0qofofwcyj7zv76ipfztsnh$_run_closure1$_closure2                : loaded 2 times (x 140B)
Class ijJvmDebugger1_9g0qofofwcyj7zv76ipfztsnh                                        : loaded 2 times (x 171B)
Class org.gradle.kotlin.dsl.VersionCatalogAccessorsKt                                 : loaded 2 times (x 71B)
Class ijJvmDebugger1_9g0qofofwcyj7zv76ipfztsnh$_run_closure1                          : loaded 2 times (x 139B)
Class org.gradle.api.internal.classpath.DefaultModuleRegistry$DefaultModule           : loaded 2 times (x 82B)
Class org.gradle.api.internal.classpath.Module                                        : loaded 2 times (x 70B)
Class org.gradle.api.internal.classpath.UnknownModuleException                        : loaded 2 times (x 82B)
Class org.gradle.api.internal.DefaultClassPathRegistry                                : loaded 2 times (x 76B)
Class ijKotlinCoroutineJvmDebugInit1_5r7bdxi9damxfzcc7gj3q5i8h                        : loaded 2 times (x 171B)
Class org.gradle.internal.classpath.DefaultClassPath$ImmutableUniqueList              : loaded 2 times (x 199B)
Class org.gradle.api.internal.ClassPathRegistry                                       : loaded 2 times (x 70B)
Class org.gradle.internal.classloader.FilteringClassLoader                            : loaded 2 times (x 105B)
Class Settings_gradle$1                                                               : loaded 2 times (x 74B)
Class org.gradle.internal.classpath.ClassPath                                         : loaded 2 times (x 70B)
Class org.gradle.api.internal.classpath.DefaultModuleRegistry$DefaultModuleAlias      : loaded 2 times (x 80B)
Class ijKotlinCoroutineJvmDebugInit1_5r7bdxi9damxfzcc7gj3q5i8h$_run_closure1$_closure2: loaded 2 times (x 139B)
Class org.gradle.api.internal.classpath.ModuleRegistry                                : loaded 2 times (x 70B)
Class org.gradle.internal.installation.GradleInstallation$1                           : loaded 2 times (x 75B)
Class org.gradle.api.internal.classpath.DefaultModuleRegistry                         : loaded 2 times (x 84B)
Class org.gradle.internal.service.ServiceLookupException                              : loaded 2 times (x 82B)
Class org.gradle.internal.classloader.ClassLoaderFactory                              : loaded 2 times (x 70B)
Class org.gradle.internal.service.CachingServiceLocator                               : loaded 2 times (x 82B)
Class org.gradle.internal.classloader.ClasspathUtil                                   : loaded 2 times (x 71B)
Class org.gradle.api.specs.Spec                                                       : loaded 2 times (x 70B)
Class org.gradle.internal.classloader.VisitableURLClassLoader$InstrumentingVisitableURLClassLoader: loaded 2 times (x 123B)
Class org.gradle.internal.classloader.VisitableURLClassLoader$Spec                    : loaded 2 times (x 74B)
Class org.gradle.internal.classpath.DefaultClassPath                                  : loaded 2 times (x 90B)
Class org.gradle.internal.classloader.ClassLoaderSpec                                 : loaded 2 times (x 71B)
Class Settings_gradle$1$1                                                             : loaded 2 times (x 74B)
Class org.gradle.api.internal.classpath.Module$ModuleAlias                            : loaded 2 times (x 70B)
Class org.gradle.internal.classloader.VisitableURLClassLoader                         : loaded 2 times (x 117B)
Class Settings_gradle                                                                 : loaded 2 times (x 124B)
Class org.gradle.internal.Cast                                                        : loaded 2 times (x 71B)
Class org.gradle.api.Action                                                           : loaded 2 times (x 70B)
Class org.gradle.internal.classpath.DefaultClassPath$ImmutableUniqueList$Builder      : loaded 2 times (x 75B)
Class org.gradle.api.GradleException                                                  : loaded 2 times (x 82B)
Class org.gradle.internal.IoActions                                                   : loaded 2 times (x 71B)
Class Build_gradle                                                                    : loaded 2 times (x 72B)
Class org.gradle.internal.installation.CurrentGradleInstallationLocator               : loaded 2 times (x 71B)
Class org.gradle.internal.service.DefaultServiceLocator                               : loaded 2 times (x 83B)
Class org.gradle.internal.installation.CurrentGradleInstallation                      : loaded 2 times (x 73B)
Class org.gradle.util.internal.GUtil                                                  : loaded 2 times (x 71B)
Class org.gradle.internal.installation.GradleInstallation                             : loaded 2 times (x 75B)

---------------  S Y S T E M  ---------------

OS:
 Windows 10 , 64 bit Build 19041 (10.0.19041.5915)
OS uptime: 0 days 13:24 hours

CPU: total 12 (initial active 12) (6 cores per cpu, 2 threads per core) family 6 model 151 stepping 5 microcode 0x26, cx8, cmov, fxsr, ht, mmx, 3dnowpref, sse, sse2, sse3, ssse3, sse4.1, sse4.2, popcnt, lzcnt, tsc, tscinvbit, avx, avx2, aes, erms, clmul, bmi1, bmi2, adx, sha, fma, vzeroupper, clflush, clflushopt, clwb, serialize, rdtscp, rdpid, fsrm, f16c, pku, cet_ibt, cet_ss
Processor Information for the first 12 processors :
  Max Mhz: 2500, Current Mhz: 2500, Mhz Limit: 2500

Memory: 4k page, system-wide physical 16225M (971M free)
TotalPageFile size 24225M (AvailPageFile size 19M)
current process WorkingSet (physical memory assigned to process): 351M, peak: 351M
current process commit charge ("private bytes"): 394M, peak: 421M

vm_info: OpenJDK 64-Bit Server VM (21.0.10+-14961533-b1163.108) for windows-amd64 JRE (21.0.10+-14961533-b1163.108), built on 2026-03-02T19:58:50Z by "builder" with MS VC++ 16.10 / 16.11 (VS2019)

END.
